// Jest Snapshot v1, https://goo.gl/fbAQLP

exports[`Should render correctly 1`] = `
ShallowWrapper {
  Symbol(enzyme.__root__): [Circular],
  Symbol(enzyme.__unrendered__): <RawQuotePopup
    intl={
      Object {
        "formatMessage": [Function],
      }
    }
    onUpdateText={[MockFunction]}
    tweet={
      Object {
        "author": Object {
          "screen_name": "test",
        },
      }
    }
  />,
  Symbol(enzyme.__renderer__): Object {
    "batchedUpdates": [Function],
    "checkPropTypes": [Function],
    "getNode": [Function],
    "render": [Function],
    "simulateError": [Function],
    "simulateEvent": [Function],
    "unmount": [Function],
  },
  Symbol(enzyme.__node__): Object {
    "instance": null,
    "key": undefined,
    "nodeType": "host",
    "props": Object {
      "children": Array [
        <TweetInputBox
          label="text"
          onUpdateText={[MockFunction]}
        />,
        <WithStyles(InjectIntl(RawTweet))
          isQuote={false}
          retweeted="test"
          tweet={
            Object {
              "author": Object {
                "screen_name": "test",
              },
            }
          }
        />,
      ],
    },
    "ref": null,
    "rendered": Array [
      Object {
        "instance": null,
        "key": undefined,
        "nodeType": "class",
        "props": Object {
          "label": "text",
          "onUpdateText": [MockFunction],
        },
        "ref": null,
        "rendered": null,
        "type": [Function],
      },
      Object {
        "instance": null,
        "key": undefined,
        "nodeType": "class",
        "props": Object {
          "isQuote": false,
          "retweeted": "test",
          "tweet": Object {
            "author": Object {
              "screen_name": "test",
            },
          },
        },
        "ref": null,
        "rendered": null,
        "type": [Function],
      },
    ],
    "type": "div",
  },
  Symbol(enzyme.__nodes__): Array [
    Object {
      "instance": null,
      "key": undefined,
      "nodeType": "host",
      "props": Object {
        "children": Array [
          <TweetInputBox
            label="text"
            onUpdateText={[MockFunction]}
          />,
          <WithStyles(InjectIntl(RawTweet))
            isQuote={false}
            retweeted="test"
            tweet={
              Object {
                "author": Object {
                  "screen_name": "test",
                },
              }
            }
          />,
        ],
      },
      "ref": null,
      "rendered": Array [
        Object {
          "instance": null,
          "key": undefined,
          "nodeType": "class",
          "props": Object {
            "label": "text",
            "onUpdateText": [MockFunction],
          },
          "ref": null,
          "rendered": null,
          "type": [Function],
        },
        Object {
          "instance": null,
          "key": undefined,
          "nodeType": "class",
          "props": Object {
            "isQuote": false,
            "retweeted": "test",
            "tweet": Object {
              "author": Object {
                "screen_name": "test",
              },
            },
          },
          "ref": null,
          "rendered": null,
          "type": [Function],
        },
      ],
      "type": "div",
    },
  ],
  Symbol(enzyme.__options__): Object {
    "adapter": ReactSixteenAdapter {
      "options": Object {
        "enableComponentDidUpdateOnSetState": true,
        "legacyContextMode": "parent",
        "lifecycles": Object {
          "componentDidUpdate": Object {
            "onSetState": true,
          },
          "getChildContext": Object {
            "calledByRenderer": false,
          },
          "getDerivedStateFromProps": true,
          "getSnapshotBeforeUpdate": true,
          "setState": Object {
            "skipsComponentDidUpdateOnNullish": true,
          },
        },
      },
    },
  },
  Symbol(enzyme.__childContext__): null,
}
`;
